./neg/410382.jpg
./neg/2422397.jpg
./neg/carrousel_sun_aaafspbtffjzbnwo.jpg
./neg/2237744.jpg
./neg/1981683.jpg
./neg/490701.jpg
./neg/subway_platform_sun_bjvfosnqkelfmhwy.jpg
./neg/cathedral_indoor_sun_aehpzycvadvphcuu.jpg
./neg/fastfood_restaurant_sun_aubvtrshvuxssmgr.jpg
./neg/beach_sun_bgtlposotyokcsdg.jpg
./neg/8352.jpg
./neg/patio_sun_blznvseffgvjpdfc.jpg
./neg/iceberg_sun_azuydmbrdhnfgknc.jpg
./neg/2144799.jpg
./neg/235578.jpg
./neg/15003.jpg
./neg/kasbah_sun_atpcfhdmzepdvrtj.jpg
./neg/raceway_sun_aiqqfpwsvwvwmift.jpg
./neg/brewery_sun_admdlkpsznknrcqi.jpg
./neg/75553.jpg
./neg/railroad_track_sun_agfaknkjsxslghwz.jpg
./neg/hayfield_sun_basrkemwvzeyolvk.jpg
./neg/phone_booth_sun_aadtmifyuvqcfkcr.jpg
./neg/67209.jpg
./neg/504216.jpg
./neg/mountain_snowy_sun_bpyujhpvjynjwuhy.jpg
./neg/baseball_field_sun_astiuxzpytnbrwxr.jpg
./neg/453523.jpg
./neg/stadium_football_sun_bzdvbhfueegligps.jpg
./neg/206030.jpg
./neg/yard_sun_bznyfrmgvhdjfnnx.jpg
./neg/251966.jpg
./neg/volleyball_court_sun_atcrgjmyuguyhkce.jpg
./neg/1946455.jpg
./neg/candy_store_sun_aoqcvifuszwpcvcj.jpg
./neg/warehouse_sun_bggemsvcykyfkkyl.jpg
./neg/268245.jpg
./neg/wind_farm_sun_btvmzfjtqzpxxkdf.jpg
./neg/waterfall_plunge_sun_bjwxsiaofeanyezl.jpg
./neg/lake_natural_sun_bhulfmizbodocsgo.jpg
./neg/125974.jpg
./neg/underwater_coral_reef_sun_bwuxsehdxqkpuptf.jpg
./neg/corn_field_sun_apsevygcmeqinoxn.jpg
./neg/395998.jpg
./neg/forest_broadleaf_sun_bqkcqwvhefnkcinz.jpg
./neg/chalet_sun_alyagmlzovxxkriw.jpg
./neg/boardwalk_sun_bskwjtamytupzwah.jpg
./neg/216603.jpg
./neg/watering_hole_sun_bcfdkbsrughwqwtt.jpg
./neg/306057.jpg
./neg/114740.jpg
./neg/209227.jpg
./neg/house_sun_bgjytsucreqesmlo.jpg
./neg/bamboo_forest_sun_atmbkcbkktvcgsky.jpg
./neg/1814727.jpg
./neg/1982322.jpg
./neg/16293.jpg
./neg/cliff_sun_bufxhmtcaobdrgvd.jpg
./neg/1959662.jpg
./neg/park_sun_bcjpwnpxcrabfwdw.jpg
./neg/2538857.jpg
./neg/1988286.jpg
./neg/201627.jpg
./neg/5809.jpg
./neg/454460.jpg
./neg/botanical_gardens_sun_axmhoupmaonizbqo.jpg
./neg/30560.jpg
./neg/169486.jpg
./neg/hill_sun_bekdrkcqpxfeogrm.jpg
./neg/490953.jpg
./neg/cathedral_outdoor_sun_bcmrhnpntztgguvt.jpg
./neg/train_railway_sun_bclmrnpzdajlfgmc.jpg
./neg/cabin_sun_bjlfptmmlyoiarwr.jpg
./neg/256719.jpg
./neg/2119748.jpg
./neg/skyscraper_sun_bmqtqkyurjjefkjj.jpg
./neg/266865.jpg
./neg/bridge_sun_bbuubvngkduyjdgp.jpg
./neg/1967995.jpg
./neg/1808496.jpg
./neg/cottage_garden_sun_bjfncmdabsifrdxe.jpg
./neg/1973038.jpg
./neg/mosque_outdoor_sun_ajpzxaexxhxeujve.jpg
./neg/56898.jpg
./neg/224424.jpg
./neg/marsh_sun_bcdjraiazexpqdpx.jpg
./neg/123290.jpg
./neg/383751.jpg
./neg/sea_cliff_sun_bboysfsdbidrhxky.jpg
./neg/forest_needleleaf_sun_bjpryaalypkmqtnw.jpg
./neg/1824212.jpg
./neg/youth_hostel_sun_bggjirgsdnqewgwp.jpg
./neg/308318.jpg
./neg/257688.jpg
./neg/castle_sun_amkfuuasltrikdfa.jpg
./neg/canyon_sun_aokgdiugvxssbqyl.jpg
./neg/bullring_sun_amoyglwvwppnboht.jpg
./neg/312794.jpg
./neg/123613.jpg
./neg/163332.jpg
./neg/1823312.jpg
./neg/265100.jpg
./neg/15684.jpg
./neg/355328.jpg
./neg/122577.jpg
./neg/393675.jpg
./neg/301331.jpg
./neg/67953.jpg
./neg/cavern_indoor_sun_agiyluxegpirbhrp.jpg
./neg/312302.jpg
./neg/basilica_sun_bljlcmlslrnbmyrw.jpg
./neg/village_sun_abdgedtspkcucrao.jpg
./neg/cemetary_sun_ayawzjmecovufltt.jpg
./neg/347608.jpg
./neg/swamp_sun_bdtjpwiuwmqkjdrf.jpg
./neg/118983.jpg
./neg/2383693.jpg
./neg/temple_east_asia_sun_bnwocgscovfukwse.jpg
./neg/1757099.jpg
./neg/2422653.jpg
./neg/1824097.jpg
./neg/347718.jpg
./neg/coast_sun_adeamqputqgbqvcq.jpg
./neg/169914.jpg
./neg/lift_bridge_sun_bogybasqeljvmuuy.jpg
./neg/golf_course_sun_babrwpwsaeessjtj.jpg
./neg/440860.jpg
./neg/1810020.jpg
./neg/16141.jpg
./neg/field_cultivated_sun_bctlzwwmzxxwpaou.jpg
./neg/1823000.jpg
./neg/1334.jpg
./neg/waterfall_block_sun_bejnvnpltdmhbcsi.jpg
./neg/inn_outdoor_sun_bqdcyxucavdyycwk.jpg
./neg/badlands_sun_bvwwfrhtvupdxldb.jpg
./neg/123737.jpg
./neg/394909.jpg
./neg/creek_sun_bxtonsgzegpfhnmy.jpg
./neg/162650.jpg
./neg/forest_path_sun_amolizervsrahvyf.jpg
./neg/255768.jpg
./neg/1822587.jpg
./neg/299330.jpg
./neg/desert_vegetation_sun_bagfpovqwbuexqdn.jpg
./neg/1825004.jpg
./neg/harbor_sun_adomalawxbiuyxfd.jpg
./neg/122715.jpg
./neg/208634.jpg
./neg/1835012.jpg
./neg/mountain_sun_bdgkjthkoxhovklv.jpg
./neg/251296.jpg
./neg/1944728.jpg
./neg/highway_sun_bpflsdaxnddnwcqi.jpg
./neg/206329.jpg
./neg/balcony_interior_sun_bammhtthmkjntkqh.jpg
./neg/367731.jpg
./neg/islet_sun_afezricptqyijjur.jpg
./neg/2123206.jpg
./neg/218959.jpg
./neg/barn_sun_btulbiaoilnxcseh.jpg
./neg/124703.jpg
./neg/1771177.jpg
./neg/ski_slope_sun_bcvgioomgjwtwrbf.jpg
./neg/corral_sun_bnqvikfasjffokmx.jpg
./neg/483719.jpg
./neg/building_facade_sun_bpaohzcfkhzodryb.jpg
./neg/2237316.jpg
./neg/367938.jpg
./neg/2108991.jpg
./neg/12867.jpg
./neg/33190.jpg
./neg/ice_floe_sun_btczwgqisywkrvqz.jpg
./neg/wheat_field_sun_azmzksauruixhpsp.jpg
./neg/2412984.jpg
./neg/1967464.jpg
./neg/pasture_sun_bbqhimmwjfjzmmrw.jpg
./neg/2566992.jpg
./neg/313166.jpg
./neg/13779.jpg
./neg/482957.jpg
./neg/apse_indoor_sun_btyikdiooedkvend.jpg
./neg/65292.jpg
./neg/palace_sun_aijsnvmospdkakik.jpg
./neg/164240.jpg
./neg/fountain_sun_atybswifcirkporj.jpg
./neg/wine_cellar_bottle_storage_sun_bfnsorfiqkwudayg.jpg
./neg/310983.jpg
./neg/34530.jpg
./neg/assembly_line_sun_arrmxbsaftenktky.jpg
./neg/208185.jpg
./neg/hot_spring_sun_bsdttuvtvmldclgs.jpg
./neg/119488.jpg
./neg/cockpit_sun_czprfwxqccwwxhmb.jpg
./neg/446072.jpg
./neg/365882.jpg
./neg/1987307.jpg
./neg/262869.jpg
./neg/224594.jpg
./neg/valley_sun_biwcvdiwnfimbtls.jpg
./neg/bow_window_outdoor_sun_aexvboaqfatntecr.jpg
./neg/abbey_sun_asztnlqhlrvirneh.jpg
./neg/covered_bridge_exterior_sun_bdgtjexfmbrljxlh.jpg
./neg/1843903.jpg
./neg/11707.jpg
./neg/205864.jpg
./neg/366997.jpg
./neg/moat_water_sun_bxarcshsnqsefemx.jpg
./neg/267777.jpg
./neg/art_gallery_sun_ccqpycobbnawqmfg.jpg
./neg/15827.jpg
./neg/.gitignore
./neg/viaduct_sun_behirptreveqvbgb.jpg
./neg/33563.jpg
./neg/71358.jpg
./neg/417220.jpg
./neg/canal_urban_sun_bioizsmryxlratmt.jpg
./neg/455947.jpg
./neg/pagoda_sun_bnplkvpfjuzxhnjx.jpg
./neg/5885.jpg
./neg/aqueduct_sun_ancegghzusmmvzjn.jpg
./neg/15627.jpg
./neg/ice_shelf_sun_bxljaxganxwfqoru.jpg
./neg/2085575.jpg
./neg/playground_sun_bwbtrgpvvtdudmbp.jpg
./neg/oil_refinery_sun_axwkczecdqleaxqs.jpg
./neg/veranda_sun_bmtnhoeymsbotabs.jpg
./neg/1946843.jpg
./neg/393845.jpg
./neg/hanger_indoor_sun_bylwfssbshtjdlug.jpg
./neg/446028.jpg
./neg/263978.jpg
./neg/dam_sun_dftjwmsvenfxhiub.jpg
./neg/1986548.jpg
./neg/vegetable_garden_sun_bbsldvounmbcjdnp.jpg
./neg/forest_road_sun_bupkmadjhhtiagpc.jpg
./neg/street_sun_bkgpqbvgorkjqzgp.jpg
./neg/15230.jpg
./neg/burial_chamber_sun_bbsqijdywpmqtdtj.jpg
./neg/vineyard_sun_buwfkswrpuoxtfnt.jpg
./neg/249384.jpg
./neg/218651.jpg
./neg/259981.jpg
./neg/232366.jpg
./neg/lighthouse_sun_akeqnxvbhbktajfl.jpg
./neg/canal_natural_sun_bumockakjmtudpaz.jpg
./neg/butte_sun_aidickeaxixvkuxv.jpg
./neg/volcano_sun_bcduirgbwfrrefxx.jpg
./neg/1768711.jpg
./neg/226947.jpg
./neg/490037.jpg
./neg/field_wild_sun_brnqhmhshxulvorl.jpg
./neg/market_outdoor_sun_bnshngjecrewktzn.jpg
./neg/pond_sun_bvywucwhkqqwicrw.jpg
./neg/204722.jpg
./neg/ruin_sun_booxopykmiqnsqbq.jpg
./neg/library_indoor_sun_bnlnwbxojzzutrao.jpg
./neg/1465.jpg
./neg/169628.jpg
./neg/monastery_outdoor_sun_bipqeqxnyqywgnqw.jpg
./neg/1979564.jpg
./neg/78479.jpg
./neg/wave_sun_bterpeveyqaigcgx.jpg
./neg/204901.jpg
./neg/medina_sun_dyvkwnfhwaxsszec.jpg
./neg/356368.jpg
./neg/204066.jpg
./neg/1845609.jpg
./neg/cloister_indoor_sun_bqgzlqozpkodfxnm.jpg
./neg/desert_sand_sun_bgwdwaeuakbmuxeg.jpg
./neg/campsite_sun_agkgjmhhyqowlmdm.jpg
./neg/food_court_sun_aydtvgeayjaottqz.jpg
./neg/261296.jpg
./neg/29517.jpg
./neg/bathroom_sun_adbqksnwuqqwdpxc.jpg
./neg/251877.jpg
